node.exe : 
At line:1 char:1
+ & "C:\Program Files\
nodejs/node.exe" 
"C:\Program 
Files\nodejs/node_mo 
...
+ ~~~~~~~~~~~~~~~~~~~~
~~~~~~~~~~~~~~~~~~~~~~
~~~~~~~~~~~~~~~~~~~~~~
~~~~~
    + CategoryInfo    
          : NotSpeci  
  fied: (:String) [   
 ], RemoteExceptio    
n
    + FullyQualifiedE 
   rrorId : NativeCo  
  mmandError
 
<--- Last few GCs --->

[13580:0000026A353D500
0]    25868 ms: 
Mark-Compact (reduce) 
2045.4 (2082.1) -> 
2045.0 (2080.9) MB, 
pooled: 0 MB, 554.57 
/ 0.00 ms  (+ 0.2 ms 
in 0 steps since 
start of marking, 
biggest step 0.0 ms, 
walltime since start 
of marking 570 ms) 
(average mu = 0.21[135
80:0000026A353D5000]  
  26419 ms: 
Mark-Compact 2046.2 
(2081.1) -> 2045.8 
(2084.6) MB, pooled: 
0 MB, 536.22 / 0.00 
ms  (average mu = 
0.142, current mu = 
0.027) allocation 
failure; scavenge 
might not succeed


<--- JS stacktrace 
--->

FATAL ERROR: 
Ineffective 
mark-compacts near 
heap limit Allocation 
failed - JavaScript 
heap out of memory
----- Native stack 
trace -----

 1: 00007FF610917487 n
ode::SetCppgcReference
+16583
 2: 00007FF61087B1B8 v
8::base::CPU::num_virt
ual_address_bits+10303
2
 3: 00007FF6113EC011 v
8::Isolate::ReportExte
rnalAllocationLimitRea
ched+65
 4: 00007FF6113D8B96 v
8::Function::Experimen
tal_IsNopFunction+3302
 5: 00007FF6112354E0 v
8::internal::StrongRoo
tAllocatorBase::Strong
RootAllocatorBase+3390
4
 6: 00007FF61122E92A v
8::internal::StrongRoo
tAllocatorBase::Strong
RootAllocatorBase+6330
 7: 00007FF61122A165 v
8::CpuProfileNode::Get
ScriptResourceNameStr+
190613
 8: 00007FF610BB3DCD 
BIO_ssl_shutdown+189
 9: 7FF8000000000000 
